// Jest Snapshot v1, https://goo.gl/fbAQLP

exports[`<NSCard /> Should render and match the snapshot 1`] = `
<div
  class="MuiGrid-root MuiGrid-container MuiGrid-item MuiGrid-align-items-xs-center MuiGrid-justify-xs-center"
>
  <div
    class="MuiGrid-root makeStyles-tsDragNDropIndex-253 MuiGrid-item"
  >
    <p
      class="MuiTypography-root makeStyles-nsCardIndex-228 MuiTypography-body1 MuiTypography-gutterBottom"
    >
      1
    </p>
  </div>
  <div
    class="MuiGrid-root makeStyles-nsCardContent-227 MuiGrid-container MuiGrid-item MuiGrid-align-items-xs-center MuiGrid-justify-xs-center MuiGrid-grid-xs-true"
    draggable="true"
    style="opacity: 1;"
  >
    <div
      class="MuiGrid-root makeStyles-nsCardLabel-229 MuiGrid-item MuiGrid-grid-xs-true"
    >
      Test Card
    </div>
    <svg
      aria-hidden="true"
      class="MuiSvgIcon-root makeStyles-nsCardDragIndicator-230"
      focusable="false"
      role="presentation"
      viewBox="0 0 24 24"
    >
      <path
        d="M0 0h24v24H0V0z"
        fill="none"
      />
      <path
        d="M11 18c0 1.1-.9 2-2 2s-2-.9-2-2 .9-2 2-2 2 .9 2 2zm-2-8c-1.1 0-2 .9-2 2s.9 2 2 2 2-.9 2-2-.9-2-2-2zm0-6c-1.1 0-2 .9-2 2s.9 2 2 2 2-.9 2-2-.9-2-2-2zm6 4c1.1 0 2-.9 2-2s-.9-2-2-2-2 .9-2 2 .9 2 2 2zm0 2c-1.1 0-2 .9-2 2s.9 2 2 2 2-.9 2-2-.9-2-2-2zm0 6c-1.1 0-2 .9-2 2s.9 2 2 2 2-.9 2-2-.9-2-2-2z"
      />
    </svg>
  </div>
</div>
`;
