// Jest Snapshot v1, https://goo.gl/fbAQLP

exports[`<Fields /> Should render and match the snapshot 1`] = `
<div
  class="MuiGrid-root makeStyles-spacing-527 MuiGrid-item"
>
  <div
    class="makeStyles-dropzone-640 dropzone"
    tabindex="0"
  >
    <input
      accept="image/jpeg, image/png, image/tiff, image/ief, image/gif"
      autocomplete="off"
      multiple=""
      style="display: none;"
      tabindex="-1"
      type="file"
    />
    <div
      class="MuiGrid-root MuiGrid-container MuiGrid-direction-xs-column MuiGrid-align-items-xs-center"
    >
      <svg
        aria-hidden="true"
        class="MuiSvgIcon-root makeStyles-icon-641"
        focusable="false"
        role="presentation"
        viewBox="0 0 24 24"
      >
        <circle
          cx="12"
          cy="12"
          r="3.2"
        />
        <path
          d="M9 2L7.17 4H4c-1.1 0-2 .9-2 2v12c0 1.1.9 2 2 2h16c1.1 0 2-.9 2-2V6c0-1.1-.9-2-2-2h-3.17L15 2H9zm3 15c-2.76 0-5-2.24-5-5s2.24-5 5-5 5 2.24 5 5-2.24 5-5 5z"
        />
      </svg>
      <p
        class="MuiTypography-root makeStyles-caption-639 MuiTypography-body1 MuiTypography-gutterBottom"
      >
        Avatar
      </p>
    </div>
  </div>
  <div
    class="styles__ComponentStyle-zscvjs-0 iXrycp"
  >
    <div
      class="MuiFormControl-root MuiTextField-root makeStyles-input-690 makeStyles-root-694 MuiFormControl-marginNormal"
    >
      <label
        class="MuiFormLabel-root MuiInputLabel-root MuiInputLabel-formControl MuiInputLabel-animated MuiInputLabel-filled"
        data-shrink="false"
        for="internalId"
        id="internalId-label"
      >
        Internal Id
      </label>
      <div
        class="MuiInputBase-root MuiFilledInput-root makeStyles-root-695 MuiInputBase-formControl"
      >
        <input
          aria-invalid="false"
          class="MuiInputBase-input MuiFilledInput-input"
          id="internalId"
          name="internalId"
          type="text"
          value=""
        />
      </div>
    </div>
  </div>
  <div
    class="styles__ComponentStyle-zscvjs-0 iXrycp"
  >
    <div
      class="MuiFormControl-root MuiTextField-root makeStyles-input-757 makeStyles-root-761 MuiFormControl-marginNormal"
    >
      <label
        class="MuiFormLabel-root MuiInputLabel-root MuiInputLabel-formControl MuiInputLabel-animated MuiInputLabel-filled"
        data-shrink="false"
        for="description"
        id="description-label"
      >
        Description
      </label>
      <div
        class="MuiInputBase-root MuiFilledInput-root makeStyles-root-695 MuiInputBase-formControl MuiInputBase-multiline MuiFilledInput-multiline"
      >
        <textarea
          aria-invalid="false"
          class="MuiInputBase-input MuiFilledInput-input MuiInputBase-inputMultiline MuiFilledInput-inputMultiline"
          id="description"
          name="description"
          rows="3"
        />
      </div>
    </div>
  </div>
</div>
`;
