// Jest Snapshot v1, https://goo.gl/fbAQLP

exports[`<ActionLink /> Should render and match the snapshot 1`] = `
<button
  class="MuiButtonBase-root MuiButton-root MuiButton-text makeStyles-addBtn-105 MuiButton-textPrimary makeStyles-textPrimary-162"
  tabindex="0"
  type="button"
>
  <span
    class="MuiButton-label makeStyles-label-161"
  >
    <span>
      Add Recipient
    </span>
  </span>
  <span
    class="MuiTouchRipple-root"
  />
</button>
`;
