// Jest Snapshot v1, https://goo.gl/fbAQLP

exports[`<Password /> Should render and match the snapshot 1`] = `
<div
  class="MuiGrid-root makeStyles-spacing-161 MuiGrid-item"
>
  <p
    class="MuiTypography-root makeStyles-darkText-154 MuiTypography-body1 MuiTypography-gutterBottom"
  >
    <span>
      To change your password please click the link below
    </span>
    :
  </p>
</div>
`;
