// Jest Snapshot v1, https://goo.gl/fbAQLP

exports[`<UserLogin /> Should render and match the snapshot 1`] = `
<form>
  <div
    class="MuiGrid-root Composer-form-276 MuiGrid-item MuiGrid-grid-xs-12"
  >
    <div
      class="MuiFormControl-root MuiTextField-root MuiFormControl-marginNormal MuiFormControl-fullWidth"
    >
      <label
        class="MuiFormLabel-root MuiInputLabel-root MuiInputLabel-formControl MuiInputLabel-animated"
        data-shrink="false"
        for="email"
        id="email-label"
      >
        <span>
          Email*
        </span>
      </label>
      <div
        class="MuiInputBase-root MuiInput-root MuiInput-underline MuiInputBase-fullWidth MuiInput-fullWidth MuiInputBase-formControl MuiInput-formControl"
      >
        <input
          aria-invalid="false"
          class="MuiInputBase-input MuiInput-input"
          id="email"
          name="email"
          type="email"
          value=""
        />
      </div>
    </div>
    <div
      class="MuiFormControl-root MuiTextField-root MuiFormControl-marginNormal MuiFormControl-fullWidth"
    >
      <label
        class="MuiFormLabel-root MuiInputLabel-root MuiInputLabel-formControl MuiInputLabel-animated"
        data-shrink="false"
        for="password"
        id="password-label"
      >
        <span>
          Password*
        </span>
      </label>
      <div
        class="MuiInputBase-root MuiInput-root MuiInput-underline MuiInputBase-fullWidth MuiInput-fullWidth MuiInputBase-formControl MuiInput-formControl"
      >
        <input
          aria-invalid="false"
          class="MuiInputBase-input MuiInput-input"
          id="password"
          name="password"
          type="password"
          value=""
        />
      </div>
    </div>
  </div>
  <div
    class="MuiGrid-root MuiGrid-container MuiGrid-item MuiGrid-direction-xs-column MuiGrid-align-items-xs-center MuiGrid-justify-xs-center MuiGrid-grid-xs-12"
  >
    <label
      class="MuiFormControlLabel-root"
    >
      <span
        aria-disabled="false"
        class="MuiButtonBase-root MuiIconButton-root PrivateSwitchBase-root-449 MuiCheckbox-root MuiCheckbox-colorPrimary MuiIconButton-colorPrimary"
      >
        <span
          class="MuiIconButton-label"
        >
          <input
            class="PrivateSwitchBase-input-452"
            data-indeterminate="false"
            type="checkbox"
            value=""
          />
          <svg
            aria-hidden="true"
            class="MuiSvgIcon-root"
            focusable="false"
            role="presentation"
            viewBox="0 0 24 24"
          >
            <path
              d="M19 5v14H5V5h14m0-2H5c-1.1 0-2 .9-2 2v14c0 1.1.9 2 2 2h14c1.1 0 2-.9 2-2V5c0-1.1-.9-2-2-2z"
            />
          </svg>
        </span>
        <span
          class="MuiTouchRipple-root"
        />
      </span>
      <span
        class="MuiTypography-root MuiFormControlLabel-label MuiTypography-body1"
      >
        <span>
          Remember Me
        </span>
      </span>
    </label>
    <button
      class="MuiButtonBase-root MuiButton-root MuiButton-contained undefined undefined undefined MuiButton-containedPrimary MuiButton-containedSizeLarge MuiButton-sizeLarge"
      tabindex="0"
      type="submit"
    >
      <span
        class="MuiButton-label"
      >
        <span>
          Log In
        </span>
      </span>
      <span
        class="MuiTouchRipple-root"
      />
    </button>
    <a
      class="MuiTypography-root MuiLink-root MuiLink-underlineHover MuiTypography-colorPrimary"
      href="/"
    >
      <span>
        Forgot your password?
      </span>
    </a>
    <a
      class="MuiTypography-root MuiLink-root MuiLink-underlineHover MuiTypography-colorPrimary"
      href="/"
    >
      <span>
        Didn't receive unlock instructions?
      </span>
    </a>
  </div>
</form>
`;
