// Jest Snapshot v1, https://goo.gl/fbAQLP

exports[`<NSTable /> Should render and match the snapshot 1`] = `
<div
  class="styles__InputFormatStyle-sc-1k9bobu-7 jIFXXN"
>
  <div
    class="styles__SelectFormatStyle-sc-1k9bobu-6 fIEHTG"
  >
    <div
      class="MuiGrid-root MuiGrid-container MuiGrid-align-items-xs-center MuiGrid-justify-xs-space-between"
    >
      <div
        class="MuiGrid-root MuiGrid-container MuiGrid-item MuiGrid-align-items-xs-flex-start MuiGrid-grid-xs-9"
      >
        <div
          class="MuiGrid-root makeStyles-selectMargins-553 MuiGrid-item"
        >
          <button
            aria-controls="Completed Surveys"
            aria-haspopup="true"
            class="MuiButtonBase-root MuiButton-root makeStyles-root-940 MuiButton-outlined makeStyles-btnWidth-937"
            tabindex="0"
            type="button"
          >
            <span
              class="MuiButton-label makeStyles-label-941"
            >
              <div
                class="MuiGrid-root MuiGrid-container MuiGrid-align-items-xs-center MuiGrid-justify-xs-space-between"
              >
                <div
                  class="MuiGrid-root MuiGrid-item"
                >
                  Completed Surveys
                </div>
                <div
                  class="MuiGrid-root MuiGrid-item"
                >
                  <svg
                    class="makeStyles-downArrow-695"
                    data-custom="true"
                    fill="none"
                    height="9"
                    viewBox="0 0 9 9"
                    width="9"
                    xmlns="http://www.w3.org/2000/svg"
                  >
                    <path
                      clip-rule="evenodd"
                      d="M8.48532 4.24264L4.24268 8.48528L3.51667e-05 4.24264H8.48532Z"
                      fill=""
                      fill-rule="evenodd"
                    />
                  </svg>
                </div>
              </div>
            </span>
            <span
              class="MuiTouchRipple-root"
            />
          </button>
        </div>
        <div
          class="MuiGrid-root makeStyles-selectMargins-553 MuiGrid-item"
        >
          <button
            aria-controls="Community"
            aria-haspopup="true"
            class="MuiButtonBase-root MuiButton-root makeStyles-root-956 MuiButton-outlined makeStyles-btnWidth-938"
            tabindex="0"
            type="button"
          >
            <span
              class="MuiButton-label makeStyles-label-957"
            >
              <div
                class="MuiGrid-root MuiGrid-container MuiGrid-align-items-xs-center MuiGrid-justify-xs-space-between"
              >
                <div
                  class="MuiGrid-root MuiGrid-item"
                >
                  Community
                </div>
                <div
                  class="MuiGrid-root MuiGrid-item"
                >
                  <svg
                    class="makeStyles-downArrow-695"
                    data-custom="true"
                    fill="none"
                    height="9"
                    viewBox="0 0 9 9"
                    width="9"
                    xmlns="http://www.w3.org/2000/svg"
                  >
                    <path
                      clip-rule="evenodd"
                      d="M8.48532 4.24264L4.24268 8.48528L3.51667e-05 4.24264H8.48532Z"
                      fill=""
                      fill-rule="evenodd"
                    />
                  </svg>
                </div>
              </div>
            </span>
            <span
              class="MuiTouchRipple-root"
            />
          </button>
        </div>
        <div
          class="MuiGrid-root makeStyles-selectMargins-553 MuiGrid-item"
        >
          <button
            aria-controls="Last Update"
            aria-haspopup="true"
            class="MuiButtonBase-root MuiButton-root makeStyles-root-958 MuiButton-outlined makeStyles-btnWidth-939"
            tabindex="0"
            type="button"
          >
            <span
              class="MuiButton-label makeStyles-label-959"
            >
              <div
                class="MuiGrid-root MuiGrid-container MuiGrid-align-items-xs-center MuiGrid-justify-xs-space-between"
              >
                <div
                  class="MuiGrid-root MuiGrid-item"
                >
                  Last Update
                </div>
                <div
                  class="MuiGrid-root MuiGrid-item"
                >
                  <svg
                    class="makeStyles-downArrow-695"
                    data-custom="true"
                    fill="none"
                    height="9"
                    viewBox="0 0 9 9"
                    width="9"
                    xmlns="http://www.w3.org/2000/svg"
                  >
                    <path
                      clip-rule="evenodd"
                      d="M8.48532 4.24264L4.24268 8.48528L3.51667e-05 4.24264H8.48532Z"
                      fill=""
                      fill-rule="evenodd"
                    />
                  </svg>
                </div>
              </div>
            </span>
            <span
              class="MuiTouchRipple-root"
            />
          </button>
        </div>
      </div>
    </div>
  </div>
</div>
`;

exports[`<TableSettings /> Should render and match the snapshot 1`] = `
<button
  aria-controls="table-settings"
  aria-haspopup="true"
  aria-label="table settings"
  class="MuiButtonBase-root MuiIconButton-root makeStyles-root-1529 MuiIconButton-sizeSmall"
  tabindex="0"
  type="button"
  variant="contained"
>
  <span
    class="MuiIconButton-label"
  >
    <svg
      aria-hidden="true"
      class="MuiSvgIcon-root makeStyles-toolWheel-1504"
      focusable="false"
      role="presentation"
      viewBox="0 0 24 24"
    >
      <path
        d="M0 0h20v20H0V0z"
        fill="none"
        transform="scale(1.2, 1.2)"
      />
      <path
        d="M15.95 10.78c.03-.25.05-.51.05-.78s-.02-.53-.06-.78l1.69-1.32c.15-.12.19-.34.1-.51l-1.6-2.77c-.1-.18-.31-.24-.49-.18l-1.99.8c-.42-.32-.86-.58-1.35-.78L12 2.34c-.03-.2-.2-.34-.4-.34H8.4c-.2 0-.36.14-.39.34l-.3 2.12c-.49.2-.94.47-1.35.78l-1.99-.8c-.18-.07-.39 0-.49.18l-1.6 2.77c-.1.18-.06.39.1.51l1.69 1.32c-.04.25-.07.52-.07.78s.02.53.06.78L2.37 12.1c-.15.12-.19.34-.1.51l1.6 2.77c.1.18.31.24.49.18l1.99-.8c.42.32.86.58 1.35.78l.3 2.12c.04.2.2.34.4.34h3.2c.2 0 .37-.14.39-.34l.3-2.12c.49-.2.94-.47 1.35-.78l1.99.8c.18.07.39 0 .49-.18l1.6-2.77c.1-.18.06-.39-.1-.51l-1.67-1.32zM10 13c-1.65 0-3-1.35-3-3s1.35-3 3-3 3 1.35 3 3-1.35 3-3 3z"
        transform="scale(1.2, 1.2)"
      />
    </svg>
  </span>
  <span
    class="MuiTouchRipple-root"
  />
</button>
`;
