// Jest Snapshot v1, https://goo.gl/fbAQLP

exports[`<MultiSelect /> Should render and match the snapshot 1`] = `
<div
  class="MuiGrid-root makeStyles-multiSelectContainer-1346 multi-checkbox MuiGrid-container MuiGrid-align-items-xs-center"
>
  <div
    class="MuiFormControl-root MuiTextField-root makeStyles-root-1348"
  >
    <div
      class="MuiInputBase-root MuiInput-root MuiInput-underline MuiInputBase-formControl MuiInput-formControl MuiInputBase-adornedStart"
    >
      <div
        class="MuiInputAdornment-root MuiInputAdornment-positionStart"
      >
        <svg
          aria-hidden="true"
          class="MuiSvgIcon-root"
          focusable="false"
          role="presentation"
          viewBox="0 0 24 24"
        >
          <path
            d="M15.5 14h-.79l-.28-.27C15.41 12.59 16 11.11 16 9.5 16 5.91 13.09 3 9.5 3S3 5.91 3 9.5 5.91 16 9.5 16c1.61 0 3.09-.59 4.23-1.57l.27.28v.79l5 4.99L20.49 19l-4.99-5zm-6 0C7.01 14 5 11.99 5 9.5S7.01 5 9.5 5 14 7.01 14 9.5 11.99 14 9.5 14z"
          />
        </svg>
      </div>
      <input
        aria-invalid="false"
        class="MuiInputBase-input MuiInput-input MuiInputBase-inputAdornedStart"
        id="Completed Surveys-search"
        type="text"
        value=""
      />
    </div>
  </div>
  <div
    class="MuiGrid-root makeStyles-optionsContainer-1347 MuiGrid-container"
  >
    <div
      class="MuiGrid-root MuiGrid-container MuiGrid-item MuiGrid-align-items-xs-flex-start"
    >
      <span
        class="styles__CheckBoxWrapper-sc-1k9bobu-5 fcvwkw"
      >
        <span
          aria-disabled="false"
          class="MuiButtonBase-root MuiIconButton-root PrivateSwitchBase-root-1579 MuiCheckbox-root MuiCheckbox-colorSecondary makeStyles-listItemChkbox-1533 PrivateSwitchBase-checked-1580 Mui-checked MuiIconButton-colorSecondary"
        >
          <span
            class="MuiIconButton-label"
          >
            <input
              checked=""
              class="PrivateSwitchBase-input-1582"
              data-indeterminate="false"
              type="checkbox"
              value=""
            />
            <svg
              fill="none"
              font-size="default"
              height="16"
              viewBox="0 0 16 16"
              width="16"
              xmlns="http://www.w3.org/2000/svg"
            >
              <path
                clip-rule="evenodd"
                d="M1.77778 0C0.8 0 0 0.8 0 1.77778V14.2222C0 15.2 0.8 16 1.77778 16H14.2222C15.2 16 16 15.2 16 14.2222V1.77778C16 0.8 15.2 0 14.2222 0H1.77778ZM1.77778 8.17094L3.02222 6.97436L6.22222 10.0513L12.9778 3.55556L14.2222 4.75214L6.22222 12.4444L1.77778 8.17094Z"
                fill="#00BAE0"
                fill-rule="evenodd"
              />
            </svg>
          </span>
          <span
            class="MuiTouchRipple-root"
          />
        </span>
      </span>
      <div
        class="MuiListItemText-root makeStyles-root-1644"
      >
        <span
          class="MuiTypography-root MuiListItemText-primary makeStyles-primary-1643 MuiTypography-body1"
        >
          <p
            class="makeStyles-listItemText-1532"
          >
            Test Filter
          </p>
        </span>
      </div>
      <span
        class="MuiTypography-root makeStyles-caption-1506 makeStyles-resultsCaption-1541 MuiTypography-caption MuiTypography-gutterBottom"
      >
        1
      </span>
    </div>
  </div>
</div>
`;

exports[`<NSTable /> Should render and match the snapshot 1`] = `
<div
  class="styles__InputFormatStyle-sc-1k9bobu-7 jIFXXN"
>
  <div
    class="styles__SelectFormatStyle-sc-1k9bobu-6 fIEHTG"
  >
    <div
      class="MuiGrid-root MuiGrid-container MuiGrid-align-items-xs-center MuiGrid-justify-xs-space-between"
    >
      <div
        class="MuiGrid-root MuiGrid-container MuiGrid-item MuiGrid-align-items-xs-flex-start MuiGrid-grid-xs-9"
      >
        <div
          class="MuiGrid-root makeStyles-selectMargins-553 MuiGrid-item"
        >
          <button
            aria-controls="Completed Surveys"
            aria-haspopup="true"
            class="MuiButtonBase-root MuiButton-root makeStyles-root-940 MuiButton-outlined makeStyles-btnWidth-937"
            tabindex="0"
            type="button"
          >
            <span
              class="MuiButton-label makeStyles-label-941"
            >
              <div
                class="MuiGrid-root MuiGrid-container MuiGrid-align-items-xs-center MuiGrid-justify-xs-space-between"
              >
                <div
                  class="MuiGrid-root MuiGrid-item"
                >
                  Completed Surveys
                </div>
                <div
                  class="MuiGrid-root MuiGrid-item"
                >
                  <svg
                    class="makeStyles-downArrow-695"
                    data-custom="true"
                    fill="none"
                    height="9"
                    viewBox="0 0 9 9"
                    width="9"
                    xmlns="http://www.w3.org/2000/svg"
                  >
                    <path
                      clip-rule="evenodd"
                      d="M8.48532 4.24264L4.24268 8.48528L3.51667e-05 4.24264H8.48532Z"
                      fill=""
                      fill-rule="evenodd"
                    />
                  </svg>
                </div>
              </div>
            </span>
            <span
              class="MuiTouchRipple-root"
            />
          </button>
        </div>
        <div
          class="MuiGrid-root makeStyles-selectMargins-553 MuiGrid-item"
        >
          <button
            aria-controls="Community"
            aria-haspopup="true"
            class="MuiButtonBase-root MuiButton-root makeStyles-root-956 MuiButton-outlined makeStyles-btnWidth-938"
            tabindex="0"
            type="button"
          >
            <span
              class="MuiButton-label makeStyles-label-957"
            >
              <div
                class="MuiGrid-root MuiGrid-container MuiGrid-align-items-xs-center MuiGrid-justify-xs-space-between"
              >
                <div
                  class="MuiGrid-root MuiGrid-item"
                >
                  Community
                </div>
                <div
                  class="MuiGrid-root MuiGrid-item"
                >
                  <svg
                    class="makeStyles-downArrow-695"
                    data-custom="true"
                    fill="none"
                    height="9"
                    viewBox="0 0 9 9"
                    width="9"
                    xmlns="http://www.w3.org/2000/svg"
                  >
                    <path
                      clip-rule="evenodd"
                      d="M8.48532 4.24264L4.24268 8.48528L3.51667e-05 4.24264H8.48532Z"
                      fill=""
                      fill-rule="evenodd"
                    />
                  </svg>
                </div>
              </div>
            </span>
            <span
              class="MuiTouchRipple-root"
            />
          </button>
        </div>
        <div
          class="MuiGrid-root makeStyles-selectMargins-553 MuiGrid-item"
        >
          <button
            aria-controls="Last Update"
            aria-haspopup="true"
            class="MuiButtonBase-root MuiButton-root makeStyles-root-958 MuiButton-outlined makeStyles-btnWidth-939"
            tabindex="0"
            type="button"
          >
            <span
              class="MuiButton-label makeStyles-label-959"
            >
              <div
                class="MuiGrid-root MuiGrid-container MuiGrid-align-items-xs-center MuiGrid-justify-xs-space-between"
              >
                <div
                  class="MuiGrid-root MuiGrid-item"
                >
                  Last Update
                </div>
                <div
                  class="MuiGrid-root MuiGrid-item"
                >
                  <svg
                    class="makeStyles-downArrow-695"
                    data-custom="true"
                    fill="none"
                    height="9"
                    viewBox="0 0 9 9"
                    width="9"
                    xmlns="http://www.w3.org/2000/svg"
                  >
                    <path
                      clip-rule="evenodd"
                      d="M8.48532 4.24264L4.24268 8.48528L3.51667e-05 4.24264H8.48532Z"
                      fill=""
                      fill-rule="evenodd"
                    />
                  </svg>
                </div>
              </div>
            </span>
            <span
              class="MuiTouchRipple-root"
            />
          </button>
        </div>
      </div>
    </div>
  </div>
</div>
`;
