// Jest Snapshot v1, https://goo.gl/fbAQLP

exports[`<HeaderButton /> Should render and match the snapshot 1`] = `
<button
  class="MuiButtonBase-root MuiButton-root MuiButton-contained makeStyles-btn-184"
  tabindex="0"
  type="button"
>
  <span
    class="MuiButton-label"
  >
    Sample
  </span>
  <span
    class="MuiTouchRipple-root"
  />
</button>
`;
