// Jest Snapshot v1, https://goo.gl/fbAQLP

exports[`<HamburgerArrow /> Should render and match the snapshot 1`] = `
<svg
  class="test"
  fill="none"
  height="25"
  viewBox="4 0 22 10"
  width="25"
  xmlns="http://www.w3.org/2000/svg"
>
  <path
    clip-rule="evenodd"
    d="M7.5 9.5H18V8H7.5V9.5ZM7.5 5.75H18V4.25H7.5V5.75ZM7.5 0.5V2H18V0.5H7.5Z"
    fill="#9B9EA6"
    fill-rule="evenodd"
  />
  <path
    clip-rule="evenodd"
    d="M3.62197 8.12803L0.365025 4.87109L3.62197 1.61415L3.62197 8.12803Z"
    fill="#9B9EA6"
    fill-rule="evenodd"
    style="transform: translate(22px,0);"
  />
</svg>
`;
