// Jest Snapshot v1, https://goo.gl/fbAQLP

exports[`<NewPassword /> Should render and match the snapshot 1`] = `
<div
  class="MuiGrid-root makeStyles-spacing-8 MuiGrid-item"
>
  <p
    class="MuiTypography-root makeStyles-darkText-1 MuiTypography-body1 MuiTypography-gutterBottom"
  >
    <span>
      Please make sure your password is strong and 6 characters minimum.
    </span>
  </p>
  <div
    class="styles__ComponentStyle-zscvjs-0 iXrycp"
  >
    <div
      class="MuiFormControl-root MuiTextField-root makeStyles-input-260 makeStyles-root-264 MuiFormControl-marginNormal"
    >
      <label
        class="MuiFormLabel-root MuiInputLabel-root MuiInputLabel-formControl MuiInputLabel-animated MuiInputLabel-filled"
        data-shrink="false"
        for="password"
        id="password-label"
      >
        <span>
          New Password
        </span>
      </label>
      <div
        class="MuiInputBase-root MuiFilledInput-root makeStyles-root-153 MuiInputBase-formControl"
      >
        <input
          aria-invalid="false"
          class="MuiInputBase-input MuiFilledInput-input"
          id="password"
          name="password"
          type="password"
          value=""
        />
      </div>
    </div>
  </div>
  <div
    class="styles__ComponentStyle-zscvjs-0 iXrycp"
  >
    <div
      class="MuiFormControl-root MuiTextField-root makeStyles-input-265 makeStyles-root-269 MuiFormControl-marginNormal"
    >
      <label
        class="MuiFormLabel-root MuiInputLabel-root MuiInputLabel-formControl MuiInputLabel-animated MuiInputLabel-filled"
        data-shrink="false"
        for="passwordConfirmation"
        id="passwordConfirmation-label"
      >
        <span>
          Confirm Your New Password
        </span>
      </label>
      <div
        class="MuiInputBase-root MuiFilledInput-root makeStyles-root-153 MuiInputBase-formControl"
      >
        <input
          aria-invalid="false"
          class="MuiInputBase-input MuiFilledInput-input"
          id="passwordConfirmation"
          name="passwordConfirmation"
          type="password"
          value=""
        />
      </div>
    </div>
  </div>
</div>
`;
