// Jest Snapshot v1, https://goo.gl/fbAQLP

exports[`<DatePickerValidation /> Should render and match the snapshot 1`] = `
<div
  class="MuiFormControl-root MuiTextField-root makeStyles-root-238 validation-input MuiFormControl-marginNormal MuiFormControl-fullWidth"
  field="test-date-picker"
>
  <label
    class="MuiFormLabel-root MuiInputLabel-root MuiInputLabel-formControl MuiInputLabel-animated MuiInputLabel-shrink MuiInputLabel-filled MuiFormLabel-filled"
    data-shrink="true"
  >
    Test Date Picker
  </label>
  <div
    class="MuiInputBase-root MuiFilledInput-root MuiFilledInput-underline MuiInputBase-fullWidth MuiInputBase-formControl MuiInputBase-adornedEnd MuiFilledInput-adornedEnd"
  >
    <input
      aria-invalid="false"
      class="MuiInputBase-input MuiFilledInput-input MuiInputBase-inputAdornedEnd MuiFilledInput-inputAdornedEnd"
      type="text"
      value="11-01-2019"
    />
    <div
      class="MuiInputAdornment-root MuiInputAdornment-filled MuiInputAdornment-positionEnd"
    >
      <button
        class="MuiButtonBase-root MuiIconButton-root"
        tabindex="0"
        type="button"
      >
        <span
          class="MuiIconButton-label"
        >
          <svg
            aria-hidden="true"
            class="MuiSvgIcon-root"
            focusable="false"
            role="presentation"
            viewBox="0 0 24 24"
          >
            <path
              d="M17 12h-5v5h5v-5zM16 1v2H8V1H6v2H5c-1.11 0-1.99.9-1.99 2L3 19c0 1.1.89 2 2 2h14c1.1 0 2-.9 2-2V5c0-1.1-.9-2-2-2h-1V1h-2zm3 18H5V8h14v11z"
            />
            <path
              d="M0 0h24v24H0z"
              fill="none"
            />
          </svg>
        </span>
        <span
          class="MuiTouchRipple-root"
        />
      </button>
    </div>
  </div>
  
</div>
`;
